<testsuites id="" name="" tests="5" failures="0" skipped="0" errors="0" time="8.335644">
<testsuite name="chatbot-visual-validation.spec.ts" timestamp="2026-01-28T17:11:59.177Z" hostname="chromium" tests="5" failures="0" skipped="0" time="33.977" errors="0">
<testcase name="Chatbot Visual Validation - Production › should render with correct size and position" classname="chatbot-visual-validation.spec.ts" time="6.785">
<system-out>
<![CDATA[
=== Production Chat Button Dimensions ===
Position: x=1844, y=1004
Size: 56x56px
Expected: 56-64px square at bottom-right
Distance from right edge: 20px
Distance from bottom edge: 20px

=== Computed Styles ===
{
  "display": "flex",
  "position": "fixed",
  "bottom": "20px",
  "right": "20px",
  "width": "56px",
  "height": "56px",
  "zIndex": "10000",
  "backgroundColor": "rgba(0, 0, 0, 0)",
  "borderRadius": "9999px",
  "opacity": "1"
}

✅ Screenshot saved: chatbot-visual-production.png
]]>
</system-out>
</testcase>
<testcase name="Chatbot Visual Validation - Production › should not be covered by other elements" classname="chatbot-visual-validation.spec.ts" time="6.77">
<system-out>
<![CDATA[
=== Element at button center ===
{
  "tagName": "path",
  "buttonTagName": "BUTTON",
  "className": {},
  "ariaLabel": "Open chat",
  "zIndex": "auto"
}
]]>
</system-out>
</testcase>
<testcase name="Chatbot Visual Validation - Production › should be clickable by real users" classname="chatbot-visual-validation.spec.ts" time="7.289">
<system-out>
<![CDATA[✅ Button is clickable with normal user interaction
]]>
</system-out>
</testcase>
<testcase name="Chatbot Visual Validation - Production › should have proper CSS loaded" classname="chatbot-visual-validation.spec.ts" time="6.722">
<system-out>
<![CDATA[
=== CSS Validation ===
Has gradient background: true
Has box shadow: true
]]>
</system-out>
</testcase>
<testcase name="Chatbot Visual Validation - Production › should be visible on mobile viewport" classname="chatbot-visual-validation.spec.ts" time="6.411">
<system-out>
<![CDATA[
=== Mobile (375x667) ===
Size: 56x56px
Position: x=303, y=595
]]>
</system-out>
</testcase>
</testsuite>
</testsuites>